../BSP/bsp_motion.c:28:6:Motion_Set_Pwm	16	static
../BSP/bsp_motion.c:61:6:Motion_Set_Speed	16	static
../BSP/bsp_motion.c:50:6:Motion_Stop	8	static
../BSP/bsp_motion.c:126:7:Motion_Get_APB	0	static
../BSP/bsp_motion.c:136:7:Motion_Get_Circle_MM	0	static
../BSP/bsp_motion.c:143:6:Motion_Get_Encoder	8	static
../BSP/bsp_motion.c:81:6:Motion_Get_Speed	32	static
../BSP/bsp_motion.c:157:6:Motion_Ctrl	32	static
../BSP/bsp_motion.c:205:6:Motion_Handle	24	static
../BSP/bsp_motion.c:216:6:Handle_Velocity_4	16	static
../BSP/bsp_motion.c:240:6:Handle_Directional	16	static
../BSP/bsp_motion.c:314:6:Handle_Info_Encoders	168	static
../BSP/bsp_motion.c:329:6:Handle_Info_ResetEncoders	8	static
../BSP/bsp_motion.c:351:6:Handle_Info_Battery	8	static
