../Drivers/STM32F1xx_HAL_Driver/Src/stm32f1xx_hal_flash_ex.c:590:13:FLASH_MassErase	0	static
../Drivers/STM32F1xx_HAL_Driver/Src/stm32f1xx_hal_flash_ex.c:1016:17:FLASH_OB_GetWRP	0	static
../Drivers/STM32F1xx_HAL_Driver/Src/stm32f1xx_hal_flash_ex.c:1029:17:FLASH_OB_GetRDP	0	static
../Drivers/STM32F1xx_HAL_Driver/Src/stm32f1xx_hal_flash_ex.c:1055:16:FLASH_OB_GetUser	0	static
../Drivers/STM32F1xx_HAL_Driver/Src/stm32f1xx_hal_flash_ex.c:881:26:FLASH_OB_RDP_LevelConfig	16	static
../Drivers/STM32F1xx_HAL_Driver/Src/stm32f1xx_hal_flash_ex.c:932:26:FLASH_OB_UserConfig	16	static
../Drivers/STM32F1xx_HAL_Driver/Src/stm32f1xx_hal_flash_ex.c:983:26:FLASH_OB_ProgramData	16	static
../Drivers/STM32F1xx_HAL_Driver/Src/stm32f1xx_hal_flash_ex.c:392:19:HAL_FLASHEx_OBErase	16	static
../Drivers/STM32F1xx_HAL_Driver/Src/stm32f1xx_hal_flash_ex.c:639:26:FLASH_OB_EnableWRP	24	static
../Drivers/STM32F1xx_HAL_Driver/Src/stm32f1xx_hal_flash_ex.c:762:26:FLASH_OB_DisableWRP	24	static
../Drivers/STM32F1xx_HAL_Driver/Src/stm32f1xx_hal_flash_ex.c:441:19:HAL_FLASHEx_OBProgram	8	static
../Drivers/STM32F1xx_HAL_Driver/Src/stm32f1xx_hal_flash_ex.c:522:6:HAL_FLASHEx_OBGetConfig	8	static
../Drivers/STM32F1xx_HAL_Driver/Src/stm32f1xx_hal_flash_ex.c:544:10:HAL_FLASHEx_OBGetUserData	0	static
../Drivers/STM32F1xx_HAL_Driver/Src/stm32f1xx_hal_flash_ex.c:1084:6:FLASH_PageErase	0	static
../Drivers/STM32F1xx_HAL_Driver/Src/stm32f1xx_hal_flash_ex.c:157:19:HAL_FLASHEx_Erase	16	static
../Drivers/STM32F1xx_HAL_Driver/Src/stm32f1xx_hal_flash_ex.c:317:19:HAL_FLASHEx_Erase_IT	8	static
